[headsoccer.io/iframe/index.html]
[backblue.gif]
[fade.gif]
[index.html]
[headsoccer.io/iframe/appmanifest.json]
[headsoccer.io/iframe/icons/icon-128.png]
[headsoccer.io/iframe/icons/icon-256.png]
[headsoccer.io/iframe/style.css]
[headsoccer.io/iframe/box2d.wasm.js]
[headsoccer.io/iframe/scripts/supportcheck.js]
[headsoccer.io/iframe/scripts/offlineclient.js]
[headsoccer.io/iframe/scripts/main.js]
[headsoccer.io/iframe/index.html]
[headsoccer.io/iframe/style.css]
[headsoccer.io/iframe/scripts/register-sw.js]
[headsoccer.io/iframe/GET]
[headsoccer.io/iframe/box2d.wasm.js]
[headsoccer.io/iframe/scripts/supportcheck.js]
[headsoccer.io/iframe/scripts/offlineclient.js]
[headsoccer.io/workermain.js]
[headsoccer.io/iframe/workermain.js]
[headsoccer.io/scriptsInEvents.js]
[headsoccer.io/iframe/g, this._runtimeBaseUrl]
[headsoccer.io/iframe/dispatchworker.js]
[headsoccer.io/iframe/workers/index.html]
[headsoccer.io/iframe/jobworker.js]
[headsoccer.io/iframe/scripts/main.js]
[headsoccer.io/iframe/scripts/register-sw.js]
[headsoccer.io/iframe/GET.html]
[headsoccer.io/workermain.html]
[headsoccer.io/iframe/workermain.html]
[headsoccer.io/scriptsInEvents.html]
[headsoccer.io/iframe/g, this.html]
[headsoccer.io/iframe/workers/index.html]
[headsoccer.io/iframe/dispatchworker.html]
[headsoccer.io/iframe/jobworker.html]
